// Jest Snapshot v1, https://goo.gl/fbAQLP

exports[`<ButtonLoop/> should match snapshot 1`] = `
<div>
  <div
    class="ytp-button"
  >
    <div
      style="height: 100%; display: flex; justify-content: center; align-items: center;"
    >
      <svg
        fill="currentColor"
        height="26"
        stroke="currentColor"
        stroke-width="0"
        style="opacity: 1;"
        viewBox="0 0 24 24"
        width="26"
        xmlns="http://www.w3.org/2000/svg"
      >
        <path
          d="M21 6h-5v2h4v9H4V8h5v3l5-4-5-4v3H3a1 1 0 0 0-1 1v11a1 1 0 0 0 1 1h18a1 1 0 0 0 1-1V7a1 1 0 0 0-1-1z"
        />
      </svg>
    </div>
  </div>
</div>
`;
